Traceback (most recent call last):
  File "python/core/impl/types/computation_types_test.py", in test_constructor_argument_normalization_error
    computation_types.TensorType()
  File "python/core/impl/types/computation_types.py", in __call__
    hashable_args = cls._hash_init_args(*args, **kwargs)
TypeError: TensorType._hash_init_args() missing 1 required positional argument: 'dtype'
