Before transformation:

<
  data,
  data
>

After transformation:

(let
  _var1=data,
  _var2=data,
  _var3=<
    _var1,
    _var2
  >
 in _var3)
