Before transformation:

(let
  a=data
 in data)

After transformation:

(let
  a=data,
  _var1=data
 in _var1)
