Before transformation:

(a -> <
  data,
  data
>)

After transformation:

(let
  _var1=data,
  _var2=data,
  _var3=<
    _var1,
    _var2
  >,
  _var4=_var3,
  _var5=(a -> _var4)
 in _var5)
