Before transformation:

<
  data
>[0]

After transformation:

(let
  _var1=data,
  _var2=<
    _var1
  >,
  _var3=_var2,
  _var4=_var3[0]
 in _var4)
